---
source: tests/tui_snapshot.rs
expression: view
---
  Pi (dummy/dummy-model)

  Welcome to Pi! Type a message to begin, or /help for commands.

  Enter: send  Shift+Enter: newline  Alt+Enter: multi-line  [thinking: off]
  │ > Type a message... (/help, /exit)
  │ >
  │ >

  Tokens: 0 in / 0 out  |  /help  |  Ctrl+C: quit
