---
source: tests/tui_snapshot.rs
expression: view
---
  Pi (dummy/dummy-model)


  ▶ Tool output: (2 lines, collapsed)

  Tool output collapsed

  Enter: send  Shift+Enter: newline  Alt+Enter: multi-line  [thinking: off]
  │ > Type a message... (/help, /exit)
  │ >
  │ >

  Tokens: 0 in / 0 out  |  /help  |  Ctrl+C: quit
